╔══════════════════════════════════════╗
║      DB Pro Performance Audit        ║
╚══════════════════════════════════════╝
  Source revision: 8e1d33d1b21883a9b3dad12612d3cf74d3cbcd18+dirty(49)

═══ Native UI Binary ═══

  Building db-pro-native (release)...
  ✓ cargo build -p db-pro-native: release build succeeded
  ✓ Binary size: 32.0MB (target < 50MB) sha256 57c70ab343e49864…

═══ Native UI Benchmarks (criterion) ═══

  Running criterion benchmarks for db-pro-ui (this may take a few minutes)...
  ✗ UI benchmarks: Benchmark execution failed
    Compiling db-pro-ui v0.1.0 (/Users/truongdq/tx/GitHub/db-pro/crates/ui)
    Finished `bench` profile [optimized] target(s) in 1m 40s
    Running unittests src/lib.rs (target/release/deps/db_pro_ui-351a14da559e2f17)
    error: Unrecognized option: 'quick'
    error: bench failed, to rerun pass `-p db-pro-ui --lib`

═══ Audit Summary ═══

  Source revision: 8e1d33d1b21883a9b3dad12612d3cf74d3cbcd18+dirty(49)
  Measured artifact: target/release/db-pro-native sha256 57c70ab343e49864d6f612bae0c63830272eb55b6da822bb07965f2c8d892315 (32.0MB)

  Passed: 2
  Warnings: 0
  Failed: 1
  Not executed: 0

  Status: FAIL — 1 failed, 2 passed [source 8e1d33d1b21883a9b3dad12612d3cf74d3cbcd18+dirty(49): working tree not committed]

  1 critical issue(s) found.
